// Jest Snapshot v1, https://goo.gl/fbAQLP

exports[`archivistBlock Modifies the head with block information 1`] = `
"<!DOCTYPE html><html lang="en"><head>
  <meta charset="utf-8">
  <title>XYO 2.0: Bound Witness | eb27161e9d12403a0a2c49590ca27c215c70382fa5f8aa7d06a28ed24394748e</title>
<meta property="og:title" content="XYO 2.0: Bound Witness | eb27161e9d12403a0a2c49590ca27c215c70382fa5f8aa7d06a28ed24394748e"><meta property="og:url" content="http://127.0.0.1:12345/archive/temp/block/hash/eb27161e9d12403a0a2c49590ca27c215c70382fa5f8aa7d06a28ed24394748e?network=kerplunk"><meta property="twitter:title" content="XYO 2.0: Bound Witness | eb27161e9d12403a0a2c49590ca27c215c70382fa5f8aa7d06a28ed24394748e"><meta property="description" content="A XYO 2.0 network.xyo.boundwitness payload with the hash eb27161e9d12403a0a2c49590ca27c215c70382fa5f8aa7d06a28ed24394748e."><meta property="title" content="XYO 2.0: Bound Witness | eb27161e9d12403a0a2c49590ca27c215c70382fa5f8aa7d06a28ed24394748e"></head>

<body>
  <pre>Test</pre>


</body></html>"
`;

exports[`archivistBlock Modifies the head with block information 2`] = `
"<!DOCTYPE html><html lang="en"><head>
  <meta charset="utf-8">
  <title>XYO 2.0: Payload | 2096d4e1a3c0bf1ead5e7b2144bf98e39d0679c343d79c896a0d836479475e99</title>
<meta property="og:title" content="XYO 2.0: Payload | 2096d4e1a3c0bf1ead5e7b2144bf98e39d0679c343d79c896a0d836479475e99"><meta property="og:url" content="http://127.0.0.1:12345/archive/temp/payload/hash/2096d4e1a3c0bf1ead5e7b2144bf98e39d0679c343d79c896a0d836479475e99?network=kerplunk"><meta property="twitter:title" content="XYO 2.0: Payload | 2096d4e1a3c0bf1ead5e7b2144bf98e39d0679c343d79c896a0d836479475e99"><meta property="description" content="A XYO 2.0 network.xyo.location payload with the hash 2096d4e1a3c0bf1ead5e7b2144bf98e39d0679c343d79c896a0d836479475e99."><meta property="title" content="XYO 2.0: Payload | 2096d4e1a3c0bf1ead5e7b2144bf98e39d0679c343d79c896a0d836479475e99"></head>

<body>
  <pre>Test</pre>


</body></html>"
`;
